---
source: crates/dayseam-core/src/error_codes.rs
expression: ALL
---
- gitlab.auth.invalid_token
- gitlab.auth.missing_scope
- gitlab.url.dns
- gitlab.url.tls
- gitlab.rate_limited
- gitlab.upstream_5xx
- gitlab.upstream_shape_changed
- local_git.repo_locked
- local_git.repo_unreadable
- local_git.repo_corrupt
- local_git.repo_not_found
- local_git.no_signature
- local_git.too_many_roots
- local_git.commits_filtered_by_identity
- sink.fs.not_writable
- sink.fs.destination_missing
- sink.malformed_marker
- sink.fs.concurrent_write
- run.cancelled.by_user
- run.cancelled.by_superseded
- connector.unsupported.sync_request
- http.retry.budget_exhausted
- http.transport
- orchestrator.run.superseded
- orchestrator.run.cancelled
- orchestrator.run.failed
- internal.process_restarted
- orchestrator.retention.sweep_failed
- orchestrator.save.draft_not_found
- orchestrator.save.sink_not_registered
- ipc.source.not_found
- ipc.sink.not_found
- ipc.local_repo.not_found
- ipc.report_draft.not_found
- ipc.source.config_kind_mismatch
- ipc.sink.invalid_config
- ipc.persons.invalid_display_name
- ipc.shell.url_disallowed
- ipc.shell.url_invalid
- ipc.shell.open_failed
- db.schema.migration_failed
