---
source: crates/dayseam-report/tests/golden.rs
expression: draft
---
id: aaaaaaaa-aaaa-aaaa-aaaa-aaaaaaaaaaaa
date: 2026-04-18
template_id: dayseam.dev_eod
template_version: 2026-04-24
sections:
  - id: commits
    title: Commits
    bullets:
      - id: b_8866b39c83a34865
        text: "**repo-a** — feat: one · `ver1111`"
        source_kind: LocalGit
      - id: b_4a33eda95573ccca
        text: "**repo-a** — feat: two · `ver2222`"
        source_kind: LocalGit
evidence:
  - bullet_id: b_8866b39c83a34865
    event_ids:
      - b42af9f8-d6dd-56cd-a302-25eeb19d7605
    reason: 1 commit
  - bullet_id: b_4a33eda95573ccca
    event_ids:
      - f7a77d0f-5ad2-5ad7-83c6-a4e9f6c087f4
    reason: 1 commit
per_source_state:
  05000000-0000-0000-0000-000000000000:
    status: Succeeded
    started_at: "2026-04-18T23:00:00Z"
    finished_at: "2026-04-18T23:00:00Z"
    fetched_count: 2
    error: ~
verbose_mode: true
generated_at: "2026-04-18T23:00:00Z"
