---
source: crates/dayseam-report/tests/golden.rs
expression: draft
---
id: aaaaaaaa-aaaa-aaaa-aaaa-aaaaaaaaaaaa
date: 2026-04-18
template_id: dayseam.dev_eod
template_version: 2026-04-24
sections:
  - id: jira_issues
    title: Jira issues
    bullets:
      - id: b_582adb056c2fe4eb
        text: "**Cardtronics** (CAR) — CAR-5117: In Progress → In Review"
        source_kind: Jira
      - id: b_75326f1281d9d580
        text: "**Cardtronics** (CAR) — CAR-6001: To Do → In Progress"
        source_kind: Jira
      - id: b_19eb50c537874b70
        text: "**Kontiki** (KTON) — KTON-4550: In Review → Done"
        source_kind: Jira
evidence:
  - bullet_id: b_582adb056c2fe4eb
    event_ids:
      - 8e155c34-eb52-53c6-9c46-ac05b1e91e99
    reason: 1 Jira event
  - bullet_id: b_75326f1281d9d580
    event_ids:
      - 25639500-6582-534f-a859-3ee3ff6bbf22
    reason: 1 Jira event
  - bullet_id: b_19eb50c537874b70
    event_ids:
      - 72422b0a-9e93-5907-8597-d8a0e37f962c
    reason: 1 Jira event
per_source_state:
  14000000-0000-0000-0000-000000000000:
    status: Succeeded
    started_at: "2026-04-18T23:00:00Z"
    finished_at: "2026-04-18T23:00:00Z"
    fetched_count: 3
    error: ~
verbose_mode: false
generated_at: "2026-04-18T23:00:00Z"
