---
source: crates/dayseam-report/tests/golden.rs
expression: draft
---
id: aaaaaaaa-aaaa-aaaa-aaaa-aaaaaaaaaaaa
date: 2026-04-18
template_id: dayseam.dev_eod
template_version: 2026-04-22
sections:
  - id: commits
    title: Commits
    bullets:
      - id: b_c32e45e319063151
        text: "**Engineering** (ENG) — Edited: Release runbook"
      - id: b_7cc3caee63cf93b8
        text: "**Operations** (OPS) — Edited: On-call rotation"
evidence:
  - bullet_id: b_c32e45e319063151
    event_ids:
      - efa61d64-29c0-5f71-a45a-d38aadb83522
    reason: 1 Confluence event
  - bullet_id: b_7cc3caee63cf93b8
    event_ids:
      - 4490ab23-436c-5f14-9621-84fa10b51ec1
    reason: 1 Confluence event
per_source_state:
  15000000-0000-0000-0000-000000000000:
    status: Succeeded
    started_at: "2026-04-18T23:00:00Z"
    finished_at: "2026-04-18T23:00:00Z"
    fetched_count: 2
    error: ~
verbose_mode: false
generated_at: "2026-04-18T23:00:00Z"
